/tmp/tmp.I5nRtdLoE0/10Khz_Git/LVGL/src/misc/lv_anim.h:126:20:lv_anim_set_var	16	static
/tmp/tmp.I5nRtdLoE0/10Khz_Git/LVGL/src/misc/lv_anim.h:138:20:lv_anim_set_exec_cb	16	static
/tmp/tmp.I5nRtdLoE0/10Khz_Git/LVGL/src/misc/lv_anim.h:148:20:lv_anim_set_time	16	static
/tmp/tmp.I5nRtdLoE0/10Khz_Git/LVGL/src/misc/lv_anim.h:169:20:lv_anim_set_values	24	static
/tmp/tmp.I5nRtdLoE0/10Khz_Git/LVGL/src/misc/lv_anim.h:196:20:lv_anim_set_path_cb	16	static
/tmp/tmp.I5nRtdLoE0/10Khz_Git/LVGL/src/misc/lv_anim.h:227:20:lv_anim_set_ready_cb	16	static
/tmp/tmp.I5nRtdLoE0/10Khz_Git/LVGL/src/hal/../draw/../misc/lv_color.h:594:26:lv_color_make	16	static
/tmp/tmp.I5nRtdLoE0/10Khz_Git/LVGL/src/hal/../draw/../misc/lv_color.h:695:26:lv_color_white	8	static
/tmp/tmp.I5nRtdLoE0/10Khz_Git/LVGL/src/hal/../draw/../misc/lv_color.h:699:26:lv_color_black	8	static
/tmp/tmp.I5nRtdLoE0/10Khz_Git/LVGL/src/hal/../draw/sw/../../core/lv_obj_pos.h:199:20:lv_obj_center	16	static
/tmp/tmp.I5nRtdLoE0/10Khz_Git/LVGL/src/core/lv_obj_style.h:92:20:lv_obj_remove_style_all	16	static
/tmp/tmp.I5nRtdLoE0/10Khz_Git/LVGL/src/core/lv_obj_style.h:205:20:lv_obj_set_style_pad_all	24	static
/tmp/tmp.I5nRtdLoE0/10Khz_Git/LVGL/src/core/lv_obj_style.h:231:20:lv_obj_set_style_size	24	static
/tmp/tmp.I5nRtdLoE0/10Khz_Git/LVGL/src/core/lv_disp.h:182:26:lv_scr_act	8	static
/tmp/tmp.I5nRtdLoE0/10Khz_Git/LVGL/src/widgets/lv_slider.h:84:20:lv_slider_set_value	24	static
/tmp/tmp.I5nRtdLoE0/10Khz_Git/LVGL/src/widgets/lv_slider.h:106:20:lv_slider_set_range	24	static
/tmp/tmp.I5nRtdLoE0/10Khz_Git/LVGL/src/widgets/lv_slider.h:130:23:lv_slider_get_value	16	static
/tmp/tmp.I5nRtdLoE0/10Khz_Git/Handware/menu_system.c:52:6:font_load	8	static
/tmp/tmp.I5nRtdLoE0/10Khz_Git/Handware/menu_system.c:196:13:ui_anim_finished_cb	16	static
/tmp/tmp.I5nRtdLoE0/10Khz_Git/Handware/menu_system.c:206:13:prepare_new_page	16	static
/tmp/tmp.I5nRtdLoE0/10Khz_Git/Handware/menu_system.c:218:13:anim_opa_cb	16	static
/tmp/tmp.I5nRtdLoE0/10Khz_Git/Handware/menu_system.c:227:13:ui_switch	168	static
/tmp/tmp.I5nRtdLoE0/10Khz_Git/Handware/menu_system.c:320:6:UI_Init	8	static
/tmp/tmp.I5nRtdLoE0/10Khz_Git/Handware/menu_system.c:324:6:UI_Goto	24	static
/tmp/tmp.I5nRtdLoE0/10Khz_Git/Handware/menu_system.c:340:6:UI_Back	16	static
/tmp/tmp.I5nRtdLoE0/10Khz_Git/Handware/menu_system.c:355:14:menu_event_cb	24	static
/tmp/tmp.I5nRtdLoE0/10Khz_Git/Handware/menu_system.c:382:19:add_list_item	32	static
/tmp/tmp.I5nRtdLoE0/10Khz_Git/Handware/menu_system.c:400:13:page_home_enter	24	static
/tmp/tmp.I5nRtdLoE0/10Khz_Git/Handware/menu_system.c:433:13:page_home_exit_logic	4	static
/tmp/tmp.I5nRtdLoE0/10Khz_Git/Handware/menu_system.c:437:13:back_btn_cb	16	static
/tmp/tmp.I5nRtdLoE0/10Khz_Git/Handware/menu_system.c:441:19:add_back_btn_minimal	24	static
/tmp/tmp.I5nRtdLoE0/10Khz_Git/Handware/menu_system.c:480:13:page_image_enter	16	static
/tmp/tmp.I5nRtdLoE0/10Khz_Git/Handware/menu_system.c:490:13:page_image_exit_logic	4	static
/tmp/tmp.I5nRtdLoE0/10Khz_Git/Handware/menu_system.c:496:14:slider_event_cb	24	static
/tmp/tmp.I5nRtdLoE0/10Khz_Git/Handware/menu_system.c:507:14:page_setting_enter	32	static
/tmp/tmp.I5nRtdLoE0/10Khz_Git/Handware/menu_system.c:535:14:page_setting_exit_logic	4	static
/tmp/tmp.I5nRtdLoE0/10Khz_Git/Handware/menu_system.c:542:13:page_1_enter	16	static
/tmp/tmp.I5nRtdLoE0/10Khz_Git/Handware/menu_system.c:642:13:page_1_exit_logic	4	static
/tmp/tmp.I5nRtdLoE0/10Khz_Git/Handware/menu_system.c:644:13:page_2_enter	16	static
/tmp/tmp.I5nRtdLoE0/10Khz_Git/Handware/menu_system.c:655:13:page_2_exit_logic	4	static
/tmp/tmp.I5nRtdLoE0/10Khz_Git/Handware/menu_system.c:672:13:fft_ui_refresh_cb	96	static
/tmp/tmp.I5nRtdLoE0/10Khz_Git/Handware/menu_system.c:698:6:page_3_enter	24	static
/tmp/tmp.I5nRtdLoE0/10Khz_Git/Handware/menu_system.c:727:6:page_3_exit_logic	8	static
/tmp/tmp.I5nRtdLoE0/10Khz_Git/Handware/menu_system.c:754:13:osc_ui_refresh_cb	56	static
/tmp/tmp.I5nRtdLoE0/10Khz_Git/Handware/menu_system.c:797:6:page_4_enter	24	static
/tmp/tmp.I5nRtdLoE0/10Khz_Git/Handware/menu_system.c:825:6:page_4_exit_logic	8	static
/tmp/tmp.I5nRtdLoE0/10Khz_Git/Handware/menu_system.c:833:13:btn_test_event_cb	24	static
/tmp/tmp.I5nRtdLoE0/10Khz_Git/Handware/menu_system.c:849:13:page_5_enter	40	static
/tmp/tmp.I5nRtdLoE0/10Khz_Git/Handware/menu_system.c:917:13:page_5_exit_logic	4	static
/tmp/tmp.I5nRtdLoE0/10Khz_Git/Handware/menu_system.c:936:6:LCD_Set_Brightness	16	static
/tmp/tmp.I5nRtdLoE0/10Khz_Git/Handware/menu_system.c:946:6:Menu_OnEvent	16	static
