/tmp/tmp.I5nRtdLoE0/10Khz_Git/Handware/spi_flash.c:25:13:CS_LOW	8	static
/tmp/tmp.I5nRtdLoE0/10Khz_Git/Handware/spi_flash.c:26:13:CS_HIGH	8	static
/tmp/tmp.I5nRtdLoE0/10Khz_Git/Handware/spi_flash.c:31:6:BSP_W25Q_Init	8	static
/tmp/tmp.I5nRtdLoE0/10Khz_Git/Handware/spi_flash.c:37:6:BSP_W25Q_Fast_Read	32	static
/tmp/tmp.I5nRtdLoE0/10Khz_Git/Handware/spi_flash.c:48:6:BSP_W25Q_Normal_Read	40	static
/tmp/tmp.I5nRtdLoE0/10Khz_Git/Handware/spi_flash.c:74:6:BSP_W25Q_Read_DMA	32	static
/tmp/tmp.I5nRtdLoE0/10Khz_Git/Handware/spi_flash.c:97:6:BSP_W25Q_Is_DMA_Busy	4	static
/tmp/tmp.I5nRtdLoE0/10Khz_Git/Handware/spi_flash.c:102:6:BSP_W25Q_DMA_Callback_Handler	16	static
/tmp/tmp.I5nRtdLoE0/10Khz_Git/Handware/spi_flash.c:113:13:Wait_Flash_Busy	16	static
/tmp/tmp.I5nRtdLoE0/10Khz_Git/Handware/spi_flash.c:127:13:Write_Enable	16	static
/tmp/tmp.I5nRtdLoE0/10Khz_Git/Handware/spi_flash.c:135:6:BSP_W25Q_Write	32	static
/tmp/tmp.I5nRtdLoE0/10Khz_Git/Handware/spi_flash.c:162:6:BSP_W25Q_Erase_Range	32	static
