/tmp/tmp.I5nRtdLoE0/10Khz_Git/LVGL/src/hal/../draw/../misc/lv_color.h:594:26:lv_color_make	16	static
/tmp/tmp.I5nRtdLoE0/10Khz_Git/LVGL/src/hal/../draw/../misc/lv_color.h:695:26:lv_color_white	8	static
/tmp/tmp.I5nRtdLoE0/10Khz_Git/LVGL/src/core/lv_obj_style.h:205:20:lv_obj_set_style_pad_all	24	static
/tmp/tmp.I5nRtdLoE0/10Khz_Git/LVGL/src/core/lv_disp.h:200:26:lv_layer_sys	8	static
/tmp/tmp.I5nRtdLoE0/10Khz_Git/Core/Src/main.c:96:8:lv_font_ccm_alloc	24	static
/tmp/tmp.I5nRtdLoE0/10Khz_Git/Core/Src/main.c:119:8:other_ccm_alloc	16	static
/tmp/tmp.I5nRtdLoE0/10Khz_Git/Core/Src/main.c:137:6:lv_font_ccm_reset	4	static
/tmp/tmp.I5nRtdLoE0/10Khz_Git/Core/Src/main.c:144:6:ccm_monitor_timer_cb	72	static
/tmp/tmp.I5nRtdLoE0/10Khz_Git/Core/Src/main.c:170:6:custom_ccm_monitor_init	16	static
/tmp/tmp.I5nRtdLoE0/10Khz_Git/Core/Src/main.c:204:13:sram_keil_timer_cb	96	static
/tmp/tmp.I5nRtdLoE0/10Khz_Git/Core/Src/main.c:247:6:custom_sys_monitor_init	16	static
/tmp/tmp.I5nRtdLoE0/10Khz_Git/Core/Src/main.c:302:5:main	32	static
/tmp/tmp.I5nRtdLoE0/10Khz_Git/Core/Src/main.c:435:6:SystemClock_Config	88	static
/usr/include/newlib/stdio.h:214:5:fputc	24	static
/tmp/tmp.I5nRtdLoE0/10Khz_Git/Core/Src/main.c:486:6:HAL_TIM_PeriodElapsedCallback	16	static
/tmp/tmp.I5nRtdLoE0/10Khz_Git/Core/Src/main.c:510:6:HAL_SPI_TxCpltCallback	16	static
/tmp/tmp.I5nRtdLoE0/10Khz_Git/Core/Src/main.c:525:6:HAL_SPI_RxCpltCallback	16	static
/tmp/tmp.I5nRtdLoE0/10Khz_Git/Core/Src/main.c:543:6:HAL_UART_RxCpltCallback	16	static
/tmp/tmp.I5nRtdLoE0/10Khz_Git/Core/Src/main.c:564:6:HAL_ADC_ConvCpltCallback	16	static
/tmp/tmp.I5nRtdLoE0/10Khz_Git/Core/Src/main.c:584:6:HAL_GPIO_EXTI_Callback	16	static
/tmp/tmp.I5nRtdLoE0/10Khz_Git/Core/Src/main.c:600:6:Error_Handler	4	static
